[dotenv@17.2.3] injecting env (6) from .env -- tip: ­ƒôí add observability to secrets: https://dotenvx.com/ops
Testing connection to: 148.222.53.5:3306/u482922175_babybaba
Ô£à Connected to database
Tables in database: [
  'Expense',
  'ExpenseTitle',
  'Product',
  'ProductVariant',
  'Sale',
  'SaleItem',
  'User'
]
Total users in User table: 1
Sample users: [ { id: 1, email: 'theitxprts@gmail.com', role: 'admin' } ]
